// Jest Snapshot v1, https://goo.gl/fbAQLP

exports[`matches snapshot 1`] = `
<div>
  <a
    className="link"
    href="/users/1"
    onClick={[Function]}
  >
    <p>
      user name
    </p>
  </a>
  <img
    className="user-profile-image"
    src="profile picture"
  />
  <p>
    username
     
    email
  </p>
</div>
`;
